14:22:35 karnataka-joint: ['none', 'cross_gradient', 'joint_total_variation', 'linear_correspondence', 'pgi']; owner miaozhou, region ap-south-1
14:22:40 [joint_total_variation] launched i-0336bde9cda541ac4 (c5.9xlarge)
14:22:40 [joint_total_variation] launching launching
14:22:42 [linear_correspondence] launched i-0d8d8ad6e4d8c475b (c5.9xlarge)
14:22:42 [linear_correspondence] launching launching
14:22:45 [pgi] launched i-08eaee363285ac4ee (c5.9xlarge)
14:22:45 [pgi] launching launching
14:22:46 [none] launched i-093ed1e755eb0fd45 (c5.9xlarge)
14:22:46 [none] launching launching
14:22:47 [cross_gradient] launched i-0a847f61b1e7f56e3 (c5.9xlarge)
14:22:47 [cross_gradient] launching launching
14:22:55 [joint_total_variation] bootstrapping bootstrapping
14:22:57 [linear_correspondence] bootstrapping bootstrapping
14:23:01 [pgi] bootstrapping bootstrapping
14:23:01 [none] bootstrapping bootstrapping
14:23:02 [cross_gradient] bootstrapping bootstrapping
14:23:41 [joint_total_variation] uploading sending_data
14:23:46 [linear_correspondence] running starting
14:23:49 [pgi] running starting
14:23:50 [none] running starting
14:23:51 [cross_gradient] running starting
14:24:00 [joint_total_variation] running inverting
14:24:05 [linear_correspondence] running inverting
14:24:08 [pgi] running inverting
14:24:08 [none] running inverting
14:24:10 [cross_gradient] running inverting
14:32:34 [cross_gradient] running inverting it 1/60 phi_d 1.185e+05 (target 10081)
14:32:44 [joint_total_variation] running inverting it 1/60 phi_d 1.185e+05 (target 10081)
14:32:50 [linear_correspondence] running inverting it 1/60 phi_d 1.185e+05 (target 10081)
14:32:52 [none] running inverting it 2/60 phi_d 5.539e+04 (target 10081)
14:32:53 [cross_gradient] running inverting it 2/60 phi_d 6.766e+04 (target 10081)
14:33:03 [joint_total_variation] running inverting it 2/60 phi_d 5.733e+04 (target 10081)
14:33:09 [linear_correspondence] running inverting it 2/60 phi_d 1.229e+06 (target 10081)
14:33:11 [none] running inverting it 3/60 phi_d 3.552e+04 (target 10081)
14:33:28 [linear_correspondence] running inverting it 3/60 phi_d 1.159e+06 (target 10081)
14:33:30 [none] running inverting it 4/60 phi_d 2.27e+04 (target 10081)
14:33:30 [cross_gradient] running inverting it 3/60 phi_d 4.438e+04 (target 10081)
14:33:40 [joint_total_variation] running inverting it 3/60 phi_d 3.417e+04 (target 10081)
14:33:46 [linear_correspondence] running inverting it 4/60 phi_d 1.013e+06 (target 10081)
14:33:48 [none] running inverting it 5/60 phi_d 1.68e+04 (target 10081)
14:33:49 [cross_gradient] running inverting it 4/60 phi_d 3.097e+04 (target 10081)
14:33:59 [joint_total_variation] running inverting it 4/60 phi_d 1.902e+04 (target 10081)
14:34:05 [linear_correspondence] running inverting it 5/60 phi_d 8.656e+05 (target 10081)
14:34:07 [none] running inverting it 6/60 phi_d 9926 (target 10081)
14:34:07 [pgi] running inverting it 1/60 phi_d 1.67e+04 (target 10081)
14:34:08 [cross_gradient] running inverting it 5/60 phi_d 2.242e+04 (target 10081)
14:34:18 [joint_total_variation] running inverting it 5/60 phi_d 1.726e+04 (target 10081)
14:34:24 [linear_correspondence] running inverting it 6/60 phi_d 7.157e+05 (target 10081)
14:34:26 [none] running inverting it 7/60 phi_d 8809 (target 10081)
14:34:26 [cross_gradient] running inverting it 6/60 phi_d 1.428e+04 (target 10081)
14:34:36 [joint_total_variation] running inverting it 6/60 phi_d 8976 (target 10081)
14:34:43 [linear_correspondence] running inverting it 8/60 phi_d 3.924e+05 (target 10081)
14:34:44 [none] running inverting it 9/60 phi_d 1.412e+04 (target 10081)
14:34:45 [cross_gradient] running inverting it 7/60 phi_d 8337 (target 10081)
14:35:04 [linear_correspondence] running inverting it 9/60 phi_d 1.5e+05 (target 10081)
14:35:04 [cross_gradient] running inverting it 8/60 phi_d 8382 (target 10081)
14:35:05 [none] running inverting it 10/60 phi_d 1.675e+04 (target 10081)
14:35:14 [joint_total_variation] running inverting it 7/60 phi_d 9585 (target 10081)
14:35:22 [linear_correspondence] running inverting it 10/60 phi_d 5.314e+04 (target 10081)
14:35:23 [cross_gradient] running inverting it 9/60 phi_d 8876 (target 10081)
14:35:24 [none] running inverting it 11/60 phi_d 1.724e+04 (target 10081)
14:35:33 [joint_total_variation] running inverting it 8/60 phi_d 1.121e+04 (target 10081)
14:35:41 [pgi] running inverting it 2/60 phi_d 9.951e+04 (target 10081)
14:35:42 [linear_correspondence] running inverting it 11/60 phi_d 4.436e+04 (target 10081)
14:35:43 [none] running inverting it 12/60 phi_d 1.663e+04 (target 10081)
14:35:51 [joint_total_variation] running inverting it 9/60 phi_d 7995 (target 10081)
14:36:00 [linear_correspondence] running inverting it 12/60 phi_d 2.511e+04 (target 10081)
14:36:01 [cross_gradient] running inverting it 10/60 phi_d 1.683e+04 (target 10081)
14:36:02 [none] running inverting it 13/60 phi_d 1.502e+04 (target 10081)
14:36:19 [linear_correspondence] running inverting it 13/60 phi_d 1.695e+04 (target 10081)
14:36:19 [cross_gradient] running inverting it 11/60 phi_d 1.258e+04 (target 10081)
14:36:20 [none] running inverting it 14/60 phi_d 1.139e+04 (target 10081)
14:36:28 [joint_total_variation] running inverting it 10/60 phi_d 9712 (target 10081)
14:36:38 [cross_gradient] running inverting it 12/60 phi_d 1.361e+04 (target 10081)
14:36:38 [linear_correspondence] running inverting it 14/60 phi_d 6843 (target 10081)
14:36:41 [none] running inverting it 15/60 phi_d 1.064e+04 (target 10081)
14:36:47 [joint_total_variation] running inverting it 11/60 phi_d 1.083e+04 (target 10081)
14:36:56 [pgi] running inverting it 3/60 phi_d 8.149e+04 (target 10081)
14:36:56 [cross_gradient] running inverting it 13/60 phi_d 1.394e+04 (target 10081)
14:36:57 [linear_correspondence] running inverting it 15/60 phi_d 6974 (target 10081)
14:37:00 [none] running inverting it 17/60 phi_d 1.125e+04 (target 10081)
14:37:06 [joint_total_variation] running inverting it 12/60 phi_d 1.134e+04 (target 10081)
14:37:16 [linear_correspondence] running inverting it 16/60 phi_d 8042 (target 10081)
14:37:19 [none] running inverting it 18/60 phi_d 1.226e+04 (target 10081)
14:37:25 [joint_total_variation] running inverting it 13/60 phi_d 1.152e+04 (target 10081)
14:37:34 [cross_gradient] running inverting it 14/60 phi_d 1.386e+04 (target 10081)
14:37:34 [linear_correspondence] running inverting it 17/60 phi_d 1.022e+04 (target 10081)
14:37:38 [none] running inverting it 19/60 phi_d 1.197e+04 (target 10081)
14:37:53 [cross_gradient] running inverting it 15/60 phi_d 1.078e+04 (target 10081)
14:37:53 [linear_correspondence] running inverting it 18/60 phi_d 1.278e+04 (target 10081)
14:37:56 [none] running inverting it 20/60 phi_d 1.193e+04 (target 10081)
14:38:04 [joint_total_variation] running inverting it 14/60 phi_d 1.235e+04 (target 10081)
14:38:11 [pgi] running inverting it 4/60 phi_d 1.134e+04 (target 10081)
14:38:12 [cross_gradient] running inverting it 16/60 phi_d 1.151e+04 (target 10081)
14:38:12 [linear_correspondence] running inverting it 19/60 phi_d 1.286e+04 (target 10081)
14:38:16 [none] running inverting it 21/60 phi_d 1.166e+04 (target 10081)
14:38:22 [joint_total_variation] running inverting it 15/60 phi_d 1.239e+04 (target 10081)
14:38:31 [cross_gradient] running inverting it 17/60 phi_d 1.132e+04 (target 10081)
14:38:31 [linear_correspondence] running inverting it 20/60 phi_d 1.232e+04 (target 10081)
14:38:34 [none] running inverting it 22/60 phi_d 1.226e+04 (target 10081)
14:38:41 [joint_total_variation] running inverting it 16/60 phi_d 1.288e+04 (target 10081)
14:38:50 [cross_gradient] running inverting it 18/60 phi_d 1.15e+04 (target 10081)
14:38:50 [linear_correspondence] running inverting it 21/60 phi_d 1.218e+04 (target 10081)
14:38:53 [none] running inverting it 23/60 phi_d 8987 (target 10081)
14:39:09 [linear_correspondence] running inverting it 22/60 phi_d 9410 (target 10081)
14:39:12 [none] running inverting it 24/60 phi_d 9071 (target 10081)
14:39:18 [joint_total_variation] running inverting it 17/60 phi_d 1.302e+04 (target 10081)
14:39:26 [pgi] running inverting it 5/60 phi_d 5395 (target 10081)
14:39:27 [cross_gradient] running inverting it 19/60 phi_d 1.228e+04 (target 10081)
14:39:28 [linear_correspondence] running inverting it 23/60 phi_d 9170 (target 10081)
14:39:31 [none] running inverting it 26/60 phi_d 9332 (target 10081)
14:39:37 [joint_total_variation] running inverting it 18/60 phi_d 1.33e+04 (target 10081)
14:39:46 [cross_gradient] running inverting it 20/60 phi_d 9839 (target 10081)
14:39:48 [linear_correspondence] running inverting it 24/60 phi_d 8842 (target 10081)
14:39:49 [none] running inverting it 27/60 phi_d 9331 (target 10081)
14:39:56 [joint_total_variation] running inverting it 19/60 phi_d 1.424e+04 (target 10081)
14:40:05 [cross_gradient] running inverting it 21/60 phi_d 1.013e+04 (target 10081)
14:40:08 [none] running inverting it 28/60 phi_d 9508 (target 10081)
14:40:24 [cross_gradient] running inverting it 22/60 phi_d 1.055e+04 (target 10081)
14:40:25 [linear_correspondence] running inverting it 25/60 phi_d 8842 (target 10081)
14:40:27 [none] running inverting it 29/60 phi_d 9599 (target 10081)
14:40:33 [joint_total_variation] running inverting it 20/60 phi_d 1.432e+04 (target 10081)
14:40:43 [pgi] running inverting it 6/60 phi_d 4141 (target 10081)
14:40:44 [linear_correspondence] running inverting it 26/60 phi_d 8891 (target 10081)
14:40:46 [cross_gradient] running inverting it 23/60 phi_d 1.094e+04 (target 10081)
14:40:46 [none] running inverting it 30/60 phi_d 9590 (target 10081)
14:40:52 [joint_total_variation] running inverting it 21/60 phi_d 1.476e+04 (target 10081)
14:41:03 [linear_correspondence] running inverting it 27/60 phi_d 9825 (target 10081)
14:41:04 [cross_gradient] running inverting it 24/60 phi_d 1.098e+04 (target 10081)
14:41:05 [none] running inverting it 31/60 phi_d 9269 (target 10081)
14:41:11 [joint_total_variation] running inverting it 22/60 phi_d 1.509e+04 (target 10081)
14:41:22 [linear_correspondence] running inverting it 28/60 phi_d 9893 (target 10081)
14:41:24 [none] running inverting it 32/60 phi_d 9773 (target 10081)
14:41:29 [joint_total_variation] running inverting it 23/60 phi_d 1.516e+04 (target 10081)
14:41:40 [linear_correspondence] running inverting it 29/60 phi_d 9890 (target 10081)
14:41:42 [cross_gradient] running inverting it 25/60 phi_d 1.059e+04 (target 10081)
14:41:42 [none] running inverting it 33/60 phi_d 9130 (target 10081)
14:41:59 [linear_correspondence] running inverting it 30/60 phi_d 9954 (target 10081)
14:42:01 [cross_gradient] running inverting it 26/60 phi_d 1.064e+04 (target 10081)
14:42:01 [none] running inverting it 34/60 phi_d 9261 (target 10081)
14:42:07 [joint_total_variation] running inverting it 24/60 phi_d 1.494e+04 (target 10081)
14:42:16 [pgi] running inverting it 7/60 phi_d 3630 (target 10081)
14:42:16 [linear_correspondence] running inverting it 31/60 phi_d 1.054e+04 (target 10081)
14:42:18 [cross_gradient] running inverting it 27/60 phi_d 1.119e+04 (target 10081)
14:42:19 [none] running inverting it 36/60 phi_d 9204 (target 10081)
14:42:26 [joint_total_variation] running inverting it 25/60 phi_d 1.493e+04 (target 10081)
14:42:34 [linear_correspondence] running inverting it 32/60 phi_d 1.417e+04 (target 10081)
14:42:37 [cross_gradient] running inverting it 28/60 phi_d 1.138e+04 (target 10081)
14:42:37 [none] running inverting it 37/60 phi_d 8852 (target 10081)
14:42:44 [joint_total_variation] running inverting it 26/60 phi_d 1.417e+04 (target 10081)
14:42:53 [linear_correspondence] running inverting it 33/60 phi_d 1.472e+04 (target 10081)
14:42:55 [none] running inverting it 38/60 phi_d 9025 (target 10081)
14:42:56 [cross_gradient] running inverting it 29/60 phi_d 1.083e+04 (target 10081)
14:43:11 [linear_correspondence] running inverting it 34/60 phi_d 1.501e+04 (target 10081)
14:43:13 [none] running inverting it 39/60 phi_d 8857 (target 10081)
14:43:20 [joint_total_variation] running inverting it 27/60 phi_d 1.466e+04 (target 10081)
14:43:29 [linear_correspondence] running inverting it 35/60 phi_d 1.384e+04 (target 10081)
14:43:30 [pgi] running inverting it 8/60 phi_d 3185 (target 10081)
14:43:31 [none] running inverting it 40/60 phi_d 9019 (target 10081)
14:43:32 [cross_gradient] running inverting it 30/60 phi_d 1.086e+04 (target 10081)
14:43:38 [joint_total_variation] running inverting it 28/60 phi_d 1.497e+04 (target 10081)
14:43:46 [linear_correspondence] running inverting it 36/60 phi_d 1.303e+04 (target 10081)
14:43:49 [none] running inverting it 41/60 phi_d 9363 (target 10081)
14:43:49 [cross_gradient] running inverting it 31/60 phi_d 1.103e+04 (target 10081)
14:43:55 [joint_total_variation] running inverting it 29/60 phi_d 1.476e+04 (target 10081)
14:44:04 [linear_correspondence] running inverting it 37/60 phi_d 1.102e+04 (target 10081)
14:44:06 [none] running inverting it 42/60 phi_d 9495 (target 10081)
14:44:07 [cross_gradient] running inverting it 32/60 phi_d 1.108e+04 (target 10081)
14:44:22 [linear_correspondence] running inverting it 38/60 phi_d 1.104e+04 (target 10081)
14:44:24 [none] running inverting it 43/60 phi_d 9660 (target 10081)
14:44:25 [cross_gradient] running inverting it 33/60 phi_d 9981 (target 10081)
14:44:31 [joint_total_variation] running inverting it 30/60 phi_d 1.431e+04 (target 10081)
14:44:40 [linear_correspondence] running inverting it 39/60 phi_d 1.151e+04 (target 10081)
14:44:43 [pgi] running inverting it 9/60 phi_d 3164 (target 10081)
14:44:45 [none] finishing collecting it 44/60 phi_d 9938 (target 10081)
14:44:49 [joint_total_variation] running inverting it 31/60 phi_d 1.437e+04 (target 10081)
14:44:57 [linear_correspondence] running inverting it 40/60 phi_d 1.164e+04 (target 10081)
14:45:00 [none] succeeded 
14:45:00 [none] succeeded after 22.2 min
14:45:02 [cross_gradient] running inverting it 34/60 phi_d 1.005e+04 (target 10081)
14:45:07 [joint_total_variation] running inverting it 32/60 phi_d 1.425e+04 (target 10081)
14:45:15 [linear_correspondence] running inverting it 41/60 phi_d 1.149e+04 (target 10081)
14:45:20 [cross_gradient] running inverting it 35/60 phi_d 1.026e+04 (target 10081)
14:45:33 [linear_correspondence] running inverting it 42/60 phi_d 9242 (target 10081)
14:45:38 [cross_gradient] running inverting it 36/60 phi_d 9968 (target 10081)
14:45:42 [joint_total_variation] running inverting it 33/60 phi_d 1.42e+04 (target 10081)
14:45:55 [cross_gradient] running inverting it 37/60 phi_d 9641 (target 10081)
14:46:00 [joint_total_variation] running inverting it 34/60 phi_d 1.395e+04 (target 10081)
14:46:08 [linear_correspondence] running inverting it 43/60 phi_d 9358 (target 10081)
14:46:12 [pgi] running inverting it 10/60 phi_d 551.1 (target 10081)
14:46:18 [joint_total_variation] running inverting it 35/60 phi_d 1.339e+04 (target 10081)
14:46:26 [linear_correspondence] running inverting it 44/60 phi_d 9752 (target 10081)
14:46:31 [cross_gradient] running inverting it 38/60 phi_d 9547 (target 10081)
14:46:43 [linear_correspondence] running inverting it 45/60 phi_d 1.087e+04 (target 10081)
14:46:48 [cross_gradient] running inverting it 39/60 phi_d 9113 (target 10081)
14:46:53 [joint_total_variation] running inverting it 36/60 phi_d 1.33e+04 (target 10081)
14:47:01 [linear_correspondence] running inverting it 46/60 phi_d 1.086e+04 (target 10081)
14:47:06 [cross_gradient] running inverting it 40/60 phi_d 9129 (target 10081)
14:47:10 [joint_total_variation] running inverting it 37/60 phi_d 1.294e+04 (target 10081)
14:47:19 [linear_correspondence] running inverting it 47/60 phi_d 1.086e+04 (target 10081)
14:47:23 [pgi] running inverting it 11/60 phi_d 709.6 (target 10081)
14:47:23 [cross_gradient] running inverting it 41/60 phi_d 8859 (target 10081)
14:47:28 [joint_total_variation] running inverting it 38/60 phi_d 1.297e+04 (target 10081)
14:47:36 [linear_correspondence] running inverting it 48/60 phi_d 1.142e+04 (target 10081)
14:47:54 [linear_correspondence] running inverting it 49/60 phi_d 1.152e+04 (target 10081)
14:47:59 [cross_gradient] running inverting it 42/60 phi_d 8820 (target 10081)
14:48:04 [joint_total_variation] running inverting it 39/60 phi_d 1.206e+04 (target 10081)
14:48:12 [linear_correspondence] running inverting it 50/60 phi_d 1.138e+04 (target 10081)
14:48:17 [cross_gradient] running inverting it 43/60 phi_d 9009 (target 10081)
14:48:21 [joint_total_variation] running inverting it 40/60 phi_d 1.217e+04 (target 10081)
14:48:29 [linear_correspondence] running inverting it 51/60 phi_d 1.14e+04 (target 10081)
14:48:35 [cross_gradient] running inverting it 44/60 phi_d 9136 (target 10081)
14:48:47 [linear_correspondence] finishing collecting it 52/60 phi_d 1.127e+04 (target 10081)
14:48:51 [pgi] running inverting it 12/60 phi_d 1258 (target 10081)
14:48:53 [cross_gradient] finishing collecting it 45/60 phi_d 9434 (target 10081)
14:48:57 [joint_total_variation] running inverting it 41/60 phi_d 1.196e+04 (target 10081)
14:49:02 [linear_correspondence] succeeded 
14:49:02 [linear_correspondence] succeeded after 26.3 min
14:49:08 [cross_gradient] succeeded 
14:49:08 [cross_gradient] succeeded after 26.4 min
14:49:15 [joint_total_variation] running inverting it 42/60 phi_d 1.206e+04 (target 10081)
14:49:32 [joint_total_variation] running inverting it 43/60 phi_d 1.187e+04 (target 10081)
14:50:02 [pgi] running inverting it 13/60 phi_d 1428 (target 10081)
14:50:08 [joint_total_variation] finishing collecting it 44/60 phi_d 1.202e+04 (target 10081)
14:50:23 [joint_total_variation] succeeded 
14:50:23 [joint_total_variation] succeeded after 27.7 min
14:51:31 [pgi] running inverting it 14/60 phi_d 3046 (target 10081)
14:52:47 [pgi] running inverting it 15/60 phi_d 4002 (target 10081)
14:54:00 [pgi] running inverting it 16/60 phi_d 4362 (target 10081)
14:55:34 [pgi] running inverting it 17/60 phi_d 4606 (target 10081)
14:56:49 [pgi] running inverting it 18/60 phi_d 5315 (target 10081)
14:58:06 [pgi] running inverting it 19/60 phi_d 5532 (target 10081)
14:59:21 [pgi] running inverting it 20/60 phi_d 5738 (target 10081)
15:00:35 [pgi] running inverting it 21/60 phi_d 6002 (target 10081)
15:01:52 [pgi] running inverting it 22/60 phi_d 5912 (target 10081)
15:03:25 [pgi] running inverting it 23/60 phi_d 5901 (target 10081)
15:04:40 [pgi] running inverting it 24/60 phi_d 5902 (target 10081)
15:05:59 [pgi] running inverting it 25/60 phi_d 5912 (target 10081)
15:07:16 [pgi] running inverting it 26/60 phi_d 5661 (target 10081)
15:08:31 [pgi] running inverting it 27/60 phi_d 5703 (target 10081)
15:10:14 [pgi] running inverting it 28/60 phi_d 5727 (target 10081)
15:11:30 [pgi] running inverting it 29/60 phi_d 5739 (target 10081)
15:12:46 [pgi] running inverting it 30/60 phi_d 5672 (target 10081)
15:14:00 [pgi] running inverting it 31/60 phi_d 5614 (target 10081)
15:15:19 [pgi] running inverting it 32/60 phi_d 5578 (target 10081)
15:16:49 [pgi] running inverting it 33/60 phi_d 5581 (target 10081)
15:18:08 [pgi] running inverting it 34/60 phi_d 5580 (target 10081)
15:20:36 [pgi] running inverting it 35/60 phi_d 5581 (target 10081)
15:21:10 [pgi] running inverting it 36/60 phi_d 5576 (target 10081)
15:22:10 [pgi] running inverting it 37/60 phi_d 5555 (target 10081)
15:23:23 [pgi] running inverting it 38/60 phi_d 5557 (target 10081)
15:24:39 [pgi] running inverting it 39/60 phi_d 5558 (target 10081)
15:26:10 [pgi] running inverting it 40/60 phi_d 5561 (target 10081)
15:27:23 [pgi] running inverting it 41/60 phi_d 5561 (target 10081)
15:28:37 [pgi] running inverting it 42/60 phi_d 5559 (target 10081)
15:30:07 [pgi] finishing collecting it 43/60 phi_d 5559 (target 10081)
15:30:22 [pgi] succeeded 
15:30:23 [pgi] succeeded after 67.6 min
15:30:25 terminated ['i-0336bde9cda541ac4', 'i-0d8d8ad6e4d8c475b', 'i-08eaee363285ac4ee', 'i-093ed1e755eb0fd45', 'i-0a847f61b1e7f56e3'] (safety net; harmless if already terminated)
15:30:25 summary:
15:30:25   none    succeeded  22.2 min ~$0.57 44 it, chi2/N 0.99, regional 2, notes None
15:30:25   cross_gradient succeeded  26.4 min ~$0.67 45 it, chi2/N 0.94, regional 2, notes None
15:30:25   joint_total_variation succeeded  27.7 min ~$0.71 44 it, chi2/N 1.19, regional 2, notes None
15:30:25   linear_correspondence succeeded  26.3 min ~$0.67 52 it, chi2/N 1.12, regional 2, notes ['57% of the recovered gravity anomaly lies outside the core mesh (padding cells), where it is poorly constrained. Consider a compact regularization (L1–L2), property bounds, or a larger core (depth_core_m).']
15:30:26   pgi     succeeded  67.6 min ~$1.72 43 it, chi2/N 0.55, regional 2, notes ["PGI regularizes the models by its rock units and their smoothness; regularization_type='sparse' and the coupling weight are not used", '51% of the recovered gravity anomaly lies outside the core mesh (padding cells), where it is poorly constrained. Consider a compact regularization (L1–L2), property bounds, or a larger core (depth_core_m).', '61% of the recovered magnetics anomaly lies outside the core mesh (padding cells), where it is poorly constrained. Consider a compact regularization (L1–L2), property bounds, or a larger core (depth_core_m).']
15:31:26 viewer: C:\Users\mt125\OneDrive - Imperial College London\Desktop\geofysiikan_opetusmateriaali\geoinv3d\examples\output\ec2_runs\karnataka-joint-1790774555.geoinv3d_viewer.html
