20:21:24 sweep-1791228084: 200 jobs on 10 × c5.4xlarge, 4 at a time; owner miaozhou, region ap-south-1
20:21:29 [0] launched i-0c5521ec39d17b930 for 20 jobs
20:21:32 [1] launched i-00ee873e892072917 for 20 jobs
20:21:35 [2] launched i-0bf78bad99933c731 for 20 jobs
20:21:39 [3] launched i-0c55cdb32d1776232 for 20 jobs
20:21:42 [4] launched i-0752630d8955a6229 for 20 jobs
20:21:46 [5] launched i-03805699eb6ba7883 for 20 jobs
20:21:49 [6] launched i-04d0c4b3e21391888 for 20 jobs
20:21:52 [7] launched i-06af64801aed61e0b for 20 jobs
20:21:56 [8] launched i-09fd15139167bc45a for 20 jobs
20:21:59 [9] launched i-0314236b2689b8e0b for 20 jobs
20:22:34 [0] i-0c5521ec39d17b930: 20 jobs started
20:22:35 [2] i-0bf78bad99933c731: 20 jobs started
20:22:35 [3] i-0c55cdb32d1776232: 20 jobs started
20:22:35 [1] i-00ee873e892072917: 20 jobs started
20:22:39 [0] done 0/20, failed 0, running ['A_n0000_b10_L1', 'A_n0111_b15_L1', 'A_n0221_b20_L1', 'A_n0222_b30_L1'] (0.0 min)
20:22:40 [2] done 0/20, failed 0, running ['A_n0000_b15_L1', 'A_n0111_b20_L1', 'A_n0221_b30_L1', 'A_n1111_b10_L1'] (0.0 min)
20:22:40 [3] done 0/20, failed 0, running ['A_n0000_b15_L3', 'A_n0111_b20_L3', 'A_n0221_b30_L3', 'A_n1111_b10_L3'] (0.0 min)
20:22:40 [1] done 0/20, failed 0, running ['A_n0000_b10_L3', 'A_n0111_b15_L3', 'A_n0221_b20_L3', 'A_n0222_b30_L3'] (0.0 min)
20:22:45 [4] i-0752630d8955a6229: 20 jobs started
20:22:45 [6] i-04d0c4b3e21391888: 20 jobs started
20:22:46 [5] i-03805699eb6ba7883: 20 jobs started
20:22:50 [4] done 0/20, failed 0, running ['A_n0000_b20_L1', 'A_n0111_b30_L1', 'A_n0222_b10_L1', 'A_n1111_b15_L1'] (0.0 min)
20:22:50 [6] done 0/20, failed 0, running ['A_n0000_b30_L1', 'A_n0221_b10_L1', 'A_n0222_b15_L1', 'A_n1111_b20_L1'] (0.0 min)
20:22:50 [7] i-06af64801aed61e0b: 20 jobs started
20:22:51 [5] done 0/20, failed 0, running ['A_n0000_b20_L3', 'A_n0111_b30_L3', 'A_n0222_b10_L3', 'A_n1111_b15_L3'] (0.0 min)
20:22:53 [8] i-09fd15139167bc45a: 20 jobs started
20:22:55 [7] done 0/20, failed 0, running ['A_n0000_b30_L3', 'A_n0221_b10_L3', 'A_n0222_b15_L3', 'A_n1111_b20_L3'] (0.0 min)
20:22:55 [9] i-0314236b2689b8e0b: 20 jobs started
20:22:58 [8] done 0/20, failed 0, running ['A_n0111_b10_L1', 'A_n0221_b15_L1', 'A_n0222_b20_L1', 'A_n1111_b30_L1'] (0.0 min)
20:23:00 [9] done 0/20, failed 0, running ['A_n0111_b10_L3', 'A_n0221_b15_L3', 'A_n0222_b20_L3', 'A_n1111_b30_L3'] (0.0 min)
20:34:22 [0] done 1/20, failed 0, running ['A_n0000_b10_L1', 'A_n0111_b15_L1', 'A_n0221_b20_L1', 'C_n0000_b10_L1'] (11.6 min)
20:34:33 [6] done 1/20, failed 0, running ['A_n0000_b30_L1', 'A_n0221_b10_L1', 'A_n0222_b15_L1', 'C_n0000_b30_L1'] (11.7 min)
20:36:08 [0] done 2/20, failed 0, running ['A_n0000_b10_L1', 'A_n0111_b15_L1', 'C_n0000_b10_L1', 'C_n0111_b15_L1'] (13.1 min)
20:37:16 [2] done 1/20, failed 0, running ['A_n0111_b20_L1', 'A_n0221_b30_L1', 'A_n1111_b10_L1', 'C_n0000_b15_L1'] (14.6 min)
20:37:52 [3] done 1/20, failed 0, running ['A_n0000_b15_L3', 'A_n0111_b20_L3', 'A_n1111_b10_L3', 'C_n0000_b15_L3'] (14.8 min)
20:39:50 [6] done 2/20, failed 0, running ['A_n0000_b30_L1', 'A_n0222_b15_L1', 'C_n0000_b30_L1', 'C_n0221_b10_L1'] (16.7 min)
20:40:13 [2] done 2/20, failed 0, running ['A_n0111_b20_L1', 'A_n1111_b10_L1', 'C_n0000_b15_L1', 'C_n0111_b20_L1'] (17.1 min)
20:40:25 [6] done 3/20, failed 0, running ['A_n0000_b30_L1', 'C_n0000_b30_L1', 'C_n0221_b10_L1', 'C_n0222_b15_L1'] (17.3 min)
20:40:42 [9] done 1/20, failed 0, running ['A_n0111_b10_L3', 'A_n0221_b15_L3', 'A_n1111_b30_L3', 'C_n0111_b10_L3'] (17.6 min)
20:40:48 [2] done 3/20, failed 0, running ['A_n1111_b10_L1', 'C_n0000_b15_L1', 'C_n0111_b20_L1', 'C_n0221_b30_L1'] (17.9 min)
20:41:02 [5] done 1/20, failed 0, running ['A_n0111_b30_L3', 'A_n0222_b10_L3', 'A_n1111_b15_L3', 'C_n0000_b20_L3'] (17.8 min)
20:41:47 [8] done 2/20, failed 0, running ['A_n0221_b15_L1', 'A_n0222_b20_L1', 'C_n0111_b10_L1', 'C_n0221_b15_L1'] (18.5 min)
20:42:10 [4] done 1/20, failed 0, running ['A_n0000_b20_L1', 'A_n0111_b30_L1', 'A_n1111_b15_L1', 'C_n0000_b20_L1'] (19.3 min)
20:42:13 [5] done 2/20, failed 0, running ['A_n0222_b10_L3', 'A_n1111_b15_L3', 'C_n0000_b20_L3', 'C_n0111_b30_L3'] (18.9 min)
20:42:33 [3] done 3/20, failed 0, running ['A_n0000_b15_L3', 'C_n0000_b15_L3', 'C_n0111_b20_L3', 'C_n0221_b30_L3'] (19.8 min)
20:42:34 [2] done 4/20, failed 0, running ['C_n0000_b15_L1', 'C_n0111_b20_L1', 'C_n0221_b30_L1', 'C_n1111_b10_L1'] (19.6 min)
20:42:45 [4] done 2/20, failed 0, running ['A_n0000_b20_L1', 'A_n0111_b30_L1', 'C_n0000_b20_L1', 'C_n0111_b30_L1'] (19.7 min)
20:42:48 [5] done 4/20, failed 0, running ['C_n0000_b20_L3', 'C_n0111_b30_L3', 'C_n0222_b10_L3', 'C_n1111_b15_L3'] (19.9 min)
20:42:58 [8] done 4/20, failed 0, running ['C_n0111_b10_L1', 'C_n0221_b15_L1', 'C_n0222_b20_L1', 'C_n1111_b30_L1'] (20.0 min)
20:43:03 [9] done 4/20, failed 0, running ['C_n0111_b10_L3', 'C_n0221_b15_L3', 'C_n0222_b20_L3', 'C_n1111_b30_L3'] (19.9 min)
20:43:10 [1] done 4/20, failed 0, running ['C_n0000_b10_L3', 'C_n0111_b15_L3', 'C_n0221_b20_L3', 'C_n0222_b30_L3'] (20.4 min)
20:43:21 [6] done 4/20, failed 0, running ['C_n0000_b30_L1', 'C_n0221_b10_L1', 'C_n0222_b15_L1', 'C_n1111_b20_L1'] (20.2 min)
20:43:44 [3] done 4/20, failed 0, running ['C_n0000_b15_L3', 'C_n0111_b20_L3', 'C_n0221_b30_L3', 'C_n1111_b10_L3'] (20.7 min)
20:43:46 [0] done 3/20, failed 0, running ['A_n0000_b10_L1', 'C_n0000_b10_L1', 'C_n0111_b15_L1', 'C_n0221_b20_L1'] (20.7 min)
20:43:56 [4] done 4/20, failed 0, running ['C_n0000_b20_L1', 'C_n0111_b30_L1', 'C_n0222_b10_L1', 'C_n1111_b15_L1'] (21.1 min)
20:44:07 [7] done 2/20, failed 0, running ['A_n0000_b30_L3', 'A_n1111_b20_L3', 'C_n0000_b30_L3', 'C_n0221_b10_L3'] (21.1 min)
20:44:21 [0] done 4/20, failed 0, running ['C_n0000_b10_L1', 'C_n0111_b15_L1', 'C_n0221_b20_L1', 'C_n0222_b30_L1'] (21.7 min)
20:44:42 [7] done 4/20, failed 0, running ['C_n0000_b30_L3', 'C_n0221_b10_L3', 'C_n0222_b15_L3', 'C_n1111_b20_L3'] (21.6 min)
20:49:03 [0] done 5/20, failed 0, running ['C_n0000_b10_L1', 'C_n0221_b20_L1', 'C_n0222_b30_L1', 'Bw1_n0000_b10_L1'] (26.3 min)
20:51:53 [9] done 5/20, failed 0, running ['C_n0221_b15_L3', 'C_n0222_b20_L3', 'C_n1111_b30_L3', 'Bw1_n0111_b10_L3'] (28.6 min)
20:53:42 [1] done 5/20, failed 0, running ['C_n0000_b10_L3', 'C_n0221_b20_L3', 'C_n0222_b30_L3', 'Bw1_n0000_b10_L3'] (30.8 min)
20:53:55 [6] done 5/20, failed 0, running ['C_n0221_b10_L1', 'C_n0222_b15_L1', 'C_n1111_b20_L1', 'Bw1_n0000_b30_L1'] (31.1 min)
20:55:25 [3] done 5/20, failed 0, running ['C_n0000_b15_L3', 'C_n0111_b20_L3', 'C_n1111_b10_L3', 'Bw1_n0000_b15_L3'] (32.5 min)
20:55:26 [2] done 5/20, failed 0, running ['C_n0000_b15_L1', 'C_n0221_b30_L1', 'C_n1111_b10_L1', 'Bw1_n0000_b15_L1'] (32.5 min)
20:55:30 [0] done 6/20, failed 0, running ['C_n0221_b20_L1', 'C_n0222_b30_L1', 'Bw1_n0000_b10_L1', 'Bw1_n0111_b15_L1'] (32.7 min)
20:55:41 [6] done 6/20, failed 0, running ['C_n0221_b10_L1', 'C_n1111_b20_L1', 'Bw1_n0000_b30_L1', 'Bw1_n0221_b10_L1'] (32.8 min)
20:56:04 [0] done 7/20, failed 0, running ['C_n0221_b20_L1', 'C_n0222_b30_L1', 'Bw1_n0111_b15_L1', 'Bw1_n0221_b20_L1'] (33.0 min)
20:56:34 [3] done 6/20, failed 0, running ['C_n0111_b20_L3', 'C_n1111_b10_L3', 'Bw1_n0000_b15_L3', 'Bw1_n0111_b20_L3'] (33.6 min)
20:57:24 [4] done 5/20, failed 0, running ['C_n0000_b20_L1', 'C_n0111_b30_L1', 'C_n0222_b10_L1', 'Bw1_n0000_b20_L1'] (34.3 min)
20:57:45 [2] done 6/20, failed 0, running ['C_n0221_b30_L1', 'C_n1111_b10_L1', 'Bw1_n0000_b15_L1', 'Bw1_n0111_b20_L1'] (34.7 min)
20:58:02 [5] done 5/20, failed 0, running ['C_n0000_b20_L3', 'C_n0111_b30_L3', 'C_n0222_b10_L3', 'Bw1_n0000_b20_L3'] (34.9 min)
20:58:35 [6] done 8/20, failed 0, running ['Bw1_n0000_b30_L1', 'Bw1_n0221_b10_L1', 'Bw1_n0222_b15_L1', 'Bw1_n1111_b20_L1'] (35.4 min)
20:59:45 [4] done 6/20, failed 0, running ['C_n0000_b20_L1', 'C_n0111_b30_L1', 'Bw1_n0000_b20_L1', 'Bw1_n0111_b30_L1'] (36.7 min)
20:59:57 [7] done 5/20, failed 0, running ['C_n0000_b30_L3', 'C_n0221_b10_L3', 'C_n0222_b15_L3', 'Bw1_n0000_b30_L3'] (37.0 min)
21:00:00 [8] done 5/20, failed 0, running ['C_n0221_b15_L1', 'C_n0222_b20_L1', 'C_n1111_b30_L1', 'Bw1_n0111_b10_L1'] (36.6 min)
21:00:06 [2] done 7/20, failed 0, running ['C_n1111_b10_L1', 'Bw1_n0000_b15_L1', 'Bw1_n0111_b20_L1', 'Bw1_n0221_b30_L1'] (37.2 min)
21:00:23 [5] done 6/20, failed 0, running ['C_n0111_b30_L3', 'C_n0222_b10_L3', 'Bw1_n0000_b20_L3', 'Bw1_n0111_b30_L3'] (37.2 min)
21:01:11 [8] done 6/20, failed 0, running ['C_n0222_b20_L1', 'C_n1111_b30_L1', 'Bw1_n0111_b10_L1', 'Bw1_n0221_b15_L1'] (38.1 min)
21:01:15 [3] done 7/20, failed 0, running ['C_n1111_b10_L3', 'Bw1_n0000_b15_L3', 'Bw1_n0111_b20_L3', 'Bw1_n0221_b30_L3'] (38.2 min)
21:01:34 [5] done 7/20, failed 0, running ['C_n0222_b10_L3', 'Bw1_n0000_b20_L3', 'Bw1_n0111_b30_L3', 'Bw1_n0222_b10_L3'] (38.3 min)
21:01:46 [8] done 7/20, failed 0, running ['C_n1111_b30_L1', 'Bw1_n0111_b10_L1', 'Bw1_n0221_b15_L1', 'Bw1_n0222_b20_L1'] (38.4 min)
21:01:50 [3] done 8/20, failed 0, running ['Bw1_n0000_b15_L3', 'Bw1_n0111_b20_L3', 'Bw1_n0221_b30_L3', 'Bw1_n1111_b10_L3'] (38.9 min)
21:01:51 [1] done 6/20, failed 0, running ['C_n0000_b10_L3', 'C_n0222_b30_L3', 'Bw1_n0000_b10_L3', 'Bw1_n0111_b15_L3'] (38.8 min)
21:02:09 [5] done 8/20, failed 0, running ['Bw1_n0000_b20_L3', 'Bw1_n0111_b30_L3', 'Bw1_n0222_b10_L3', 'Bw1_n1111_b15_L3'] (39.2 min)
21:02:21 [8] done 8/20, failed 0, running ['Bw1_n0111_b10_L1', 'Bw1_n0221_b15_L1', 'Bw1_n0222_b20_L1', 'Bw1_n1111_b30_L1'] (39.3 min)
21:02:24 [9] done 7/20, failed 0, running ['C_n1111_b30_L3', 'Bw1_n0111_b10_L3', 'Bw1_n0221_b15_L3', 'Bw1_n0222_b20_L3'] (39.3 min)
21:02:26 [2] done 8/20, failed 0, running ['Bw1_n0000_b15_L1', 'Bw1_n0111_b20_L1', 'Bw1_n0221_b30_L1', 'Bw1_n1111_b10_L1'] (39.6 min)
21:02:26 [1] done 8/20, failed 0, running ['Bw1_n0000_b10_L3', 'Bw1_n0111_b15_L3', 'Bw1_n0221_b20_L3', 'Bw1_n0222_b30_L3'] (39.8 min)
21:02:40 [4] done 8/20, failed 0, running ['Bw1_n0000_b20_L1', 'Bw1_n0111_b30_L1', 'Bw1_n0222_b10_L1', 'Bw1_n1111_b15_L1'] (39.7 min)
21:02:59 [9] done 8/20, failed 0, running ['Bw1_n0111_b10_L3', 'Bw1_n0221_b15_L3', 'Bw1_n0222_b20_L3', 'Bw1_n1111_b30_L3'] (39.5 min)
21:03:42 [0] done 8/20, failed 0, running ['C_n0222_b30_L1', 'Bw1_n0111_b15_L1', 'Bw1_n0221_b20_L1', 'Bw1_n0222_b30_L1'] (40.5 min)
21:04:17 [0] done 9/20, failed 0, running ['Bw1_n0111_b15_L1', 'Bw1_n0221_b20_L1', 'Bw1_n0222_b30_L1', 'Bw10_n0000_b10_L1'] (41.7 min)
21:04:39 [7] done 7/20, failed 0, running ['C_n0000_b30_L3', 'Bw1_n0000_b30_L3', 'Bw1_n0221_b10_L3', 'Bw1_n0222_b15_L3'] (41.8 min)
21:05:15 [7] done 8/20, failed 0, running ['Bw1_n0000_b30_L3', 'Bw1_n0221_b10_L3', 'Bw1_n0222_b15_L3', 'Bw1_n1111_b20_L3'] (42.0 min)
21:10:35 [9] done 9/20, failed 0, running ['Bw1_n0221_b15_L3', 'Bw1_n0222_b20_L3', 'Bw1_n1111_b30_L3', 'Bw10_n0111_b10_L3'] (47.4 min)
21:12:05 [6] done 9/20, failed 0, running ['Bw1_n0000_b30_L1', 'Bw1_n0221_b10_L1', 'Bw1_n0222_b15_L1', 'Bw10_n0000_b30_L1'] (49.0 min)
21:12:40 [6] done 10/20, failed 0, running ['Bw1_n0000_b30_L1', 'Bw1_n0221_b10_L1', 'Bw10_n0000_b30_L1', 'Bw10_n0221_b10_L1'] (49.6 min)
21:12:59 [1] done 9/20, failed 0, running ['Bw1_n0111_b15_L3', 'Bw1_n0221_b20_L3', 'Bw1_n0222_b30_L3', 'Bw10_n0000_b10_L3'] (49.9 min)
21:13:33 [2] done 9/20, failed 0, running ['Bw1_n0000_b15_L1', 'Bw1_n0221_b30_L1', 'Bw1_n1111_b10_L1', 'Bw10_n0000_b15_L1'] (50.4 min)
21:13:50 [6] done 12/20, failed 0, running ['Bw10_n0000_b30_L1', 'Bw10_n0221_b10_L1', 'Bw10_n0222_b15_L1', 'Bw10_n1111_b20_L1'] (50.6 min)
21:15:17 [3] done 9/20, failed 0, running ['Bw1_n0111_b20_L3', 'Bw1_n0221_b30_L3', 'Bw1_n1111_b10_L3', 'Bw10_n0000_b15_L3'] (52.4 min)
21:15:19 [2] done 10/20, failed 0, running ['Bw1_n0000_b15_L1', 'Bw1_n0221_b30_L1', 'Bw10_n0000_b15_L1', 'Bw10_n0111_b20_L1'] (52.4 min)
21:15:31 [0] done 10/20, failed 0, running ['Bw1_n0221_b20_L1', 'Bw1_n0222_b30_L1', 'Bw10_n0000_b10_L1', 'Bw10_n0111_b15_L1'] (52.9 min)
21:15:52 [3] done 10/20, failed 0, running ['Bw1_n0221_b30_L3', 'Bw1_n1111_b10_L3', 'Bw10_n0000_b15_L3', 'Bw10_n0111_b20_L3'] (52.7 min)
21:15:54 [2] done 11/20, failed 0, running ['Bw1_n0221_b30_L1', 'Bw10_n0000_b15_L1', 'Bw10_n0111_b20_L1', 'Bw10_n0221_b30_L1'] (52.8 min)
21:16:06 [0] done 11/20, failed 0, running ['Bw1_n0222_b30_L1', 'Bw10_n0000_b10_L1', 'Bw10_n0111_b15_L1', 'Bw10_n0221_b20_L1'] (53.2 min)
21:16:45 [4] done 9/20, failed 0, running ['Bw1_n0000_b20_L1', 'Bw1_n0111_b30_L1', 'Bw1_n0222_b10_L1', 'Bw10_n0000_b20_L1'] (53.5 min)
21:17:02 [3] done 11/20, failed 0, running ['Bw1_n0221_b30_L3', 'Bw10_n0000_b15_L3', 'Bw10_n0111_b20_L3', 'Bw10_n0221_b30_L3'] (54.1 min)
21:17:20 [4] done 10/20, failed 0, running ['Bw1_n0000_b20_L1', 'Bw1_n0222_b10_L1', 'Bw10_n0000_b20_L1', 'Bw10_n0111_b30_L1'] (54.5 min)
21:17:25 [5] done 10/20, failed 0, running ['Bw1_n0111_b30_L3', 'Bw1_n0222_b10_L3', 'Bw10_n0000_b20_L3', 'Bw10_n0111_b30_L3'] (54.4 min)
21:17:35 [8] done 10/20, failed 0, running ['Bw1_n0221_b15_L1', 'Bw1_n0222_b20_L1', 'Bw10_n0111_b10_L1', 'Bw10_n0221_b15_L1'] (54.6 min)
21:17:56 [4] done 11/20, failed 0, running ['Bw1_n0222_b10_L1', 'Bw10_n0000_b20_L1', 'Bw10_n0111_b30_L1', 'Bw10_n0222_b10_L1'] (54.6 min)
21:18:46 [8] done 11/20, failed 0, running ['Bw1_n0222_b20_L1', 'Bw10_n0111_b10_L1', 'Bw10_n0221_b15_L1', 'Bw10_n0222_b20_L1'] (55.6 min)
21:18:50 [2] done 12/20, failed 0, running ['Bw10_n0000_b15_L1', 'Bw10_n0111_b20_L1', 'Bw10_n0221_b30_L1', 'Bw10_n1111_b10_L1'] (56.1 min)
21:19:03 [0] done 12/20, failed 0, running ['Bw10_n0000_b10_L1', 'Bw10_n0111_b15_L1', 'Bw10_n0221_b20_L1', 'Bw10_n0222_b30_L1'] (56.1 min)
21:19:07 [6] done 13/20, failed 0, running ['Bw10_n0000_b30_L1', 'Bw10_n0222_b15_L1', 'Bw10_n1111_b20_L1', 'Bw100_n0000_b30_L1'] (56.0 min)
21:19:20 [7] done 9/20, failed 0, running ['Bw1_n0000_b30_L3', 'Bw1_n0221_b10_L3', 'Bw1_n0222_b15_L3', 'Bw10_n0000_b30_L3'] (56.4 min)
21:19:21 [8] done 12/20, failed 0, running ['Bw10_n0111_b10_L1', 'Bw10_n0221_b15_L1', 'Bw10_n0222_b20_L1', 'Bw10_n1111_b30_L1'] (56.3 min)
21:19:46 [5] done 11/20, failed 0, running ['Bw1_n0222_b10_L3', 'Bw10_n0000_b20_L3', 'Bw10_n0111_b30_L3', 'Bw10_n0222_b10_L3'] (56.4 min)
21:19:57 [3] done 12/20, failed 0, running ['Bw10_n0000_b15_L3', 'Bw10_n0111_b20_L3', 'Bw10_n0221_b30_L3', 'Bw10_n1111_b10_L3'] (57.2 min)
21:20:16 [4] done 12/20, failed 0, running ['Bw10_n0000_b20_L1', 'Bw10_n0111_b30_L1', 'Bw10_n0222_b10_L1', 'Bw10_n1111_b15_L1'] (57.3 min)
21:20:21 [5] done 12/20, failed 0, running ['Bw10_n0000_b20_L3', 'Bw10_n0111_b30_L3', 'Bw10_n0222_b10_L3', 'Bw10_n1111_b15_L3'] (57.1 min)
21:20:30 [7] done 10/20, failed 0, running ['Bw1_n0221_b10_L3', 'Bw1_n0222_b15_L3', 'Bw10_n0000_b30_L3', 'Bw10_n0221_b10_L3'] (57.1 min)
21:21:06 [9] done 10/20, failed 0, running ['Bw1_n0221_b15_L3', 'Bw1_n0222_b20_L3', 'Bw1_n1111_b30_L3', 'Bw10_n0221_b15_L3'] (57.9 min)
21:21:41 [9] done 12/20, failed 0, running ['Bw1_n1111_b30_L3', 'Bw10_n0221_b15_L3', 'Bw10_n0222_b20_L3', 'Bw10_n1111_b30_L3'] (58.5 min)
21:21:48 [1] done 11/20, failed 0, running ['Bw1_n0222_b30_L3', 'Bw10_n0000_b10_L3', 'Bw10_n0111_b15_L3', 'Bw10_n0221_b20_L3'] (58.8 min)
21:22:16 [9] done 13/20, failed 0, running ['Bw10_n0221_b15_L3', 'Bw10_n0222_b20_L3', 'Bw10_n1111_b30_L3', 'Bw100_n0111_b10_L3'] (58.8 min)
21:22:23 [1] done 12/20, failed 0, running ['Bw10_n0000_b10_L3', 'Bw10_n0111_b15_L3', 'Bw10_n0221_b20_L3', 'Bw10_n0222_b30_L3'] (59.2 min)
21:24:56 [0] done 13/20, failed 0, running ['Bw10_n0111_b15_L1', 'Bw10_n0221_b20_L1', 'Bw10_n0222_b30_L1', 'Bw100_n0000_b10_L1'] (62.3 min)
21:25:10 [7] done 12/20, failed 0, running ['Bw10_n0000_b30_L3', 'Bw10_n0221_b10_L3', 'Bw10_n0222_b15_L3', 'Bw10_n1111_b20_L3'] (62.2 min)
21:30:50 [6] done 15/20, failed 0, running ['Bw10_n0000_b30_L1', 'Bw100_n0000_b30_L1', 'Bw100_n0221_b10_L1', 'Bw100_n0222_b15_L1'] (67.9 min)
21:31:03 [3] done 13/20, failed 0, running ['Bw10_n0000_b15_L3', 'Bw10_n0221_b30_L3', 'Bw10_n1111_b10_L3', 'Bw100_n0000_b15_L3'] (68.0 min)
21:31:23 [0] done 14/20, failed 0, running ['Bw10_n0221_b20_L1', 'Bw10_n0222_b30_L1', 'Bw100_n0000_b10_L1', 'Bw100_n0111_b15_L1'] (68.8 min)
21:31:47 [1] done 13/20, failed 0, running ['Bw10_n0111_b15_L3', 'Bw10_n0221_b20_L3', 'Bw10_n0222_b30_L3', 'Bw100_n0000_b10_L3'] (68.8 min)
21:32:00 [6] done 16/20, failed 0, running ['Bw100_n0000_b30_L1', 'Bw100_n0221_b10_L1', 'Bw100_n0222_b15_L1', 'Bw100_n1111_b20_L1'] (68.8 min)
21:32:48 [3] done 14/20, failed 0, running ['Bw10_n0000_b15_L3', 'Bw10_n0221_b30_L3', 'Bw100_n0000_b15_L3', 'Bw100_n0111_b20_L3'] (69.9 min)
21:33:09 [0] done 15/20, failed 0, running ['Bw10_n0222_b30_L1', 'Bw100_n0000_b10_L1', 'Bw100_n0111_b15_L1', 'Bw100_n0221_b20_L1'] (70.4 min)
21:33:31 [2] done 16/20, failed 0, running ['Bw100_n0000_b15_L1', 'Bw100_n0111_b20_L1', 'Bw100_n0221_b30_L1', 'Bw100_n1111_b10_L1'] (70.8 min)
21:34:55 [4] done 13/20, failed 0, running ['Bw10_n0000_b20_L1', 'Bw10_n0222_b10_L1', 'Bw10_n1111_b15_L1', 'Bw100_n0000_b20_L1'] (71.8 min)
21:35:09 [3] done 15/20, failed 0, running ['Bw10_n0221_b30_L3', 'Bw100_n0000_b15_L3', 'Bw100_n0111_b20_L3', 'Bw100_n0221_b30_L3'] (72.1 min)
21:35:31 [4] done 14/20, failed 0, running ['Bw10_n0000_b20_L1', 'Bw10_n1111_b15_L1', 'Bw100_n0000_b20_L1', 'Bw100_n0111_b30_L1'] (72.4 min)
21:35:39 [5] done 13/20, failed 0, running ['Bw10_n0000_b20_L3', 'Bw10_n0111_b30_L3', 'Bw10_n0222_b10_L3', 'Bw100_n0000_b20_L3'] (72.4 min)
21:35:44 [3] done 16/20, failed 0, running ['Bw100_n0000_b15_L3', 'Bw100_n0111_b20_L3', 'Bw100_n0221_b30_L3', 'Bw100_n1111_b10_L3'] (72.8 min)
21:36:42 [4] done 15/20, failed 0, running ['Bw10_n1111_b15_L1', 'Bw100_n0000_b20_L1', 'Bw100_n0111_b30_L1', 'Bw100_n0222_b10_L1'] (73.8 min)
21:36:56 [8] done 13/20, failed 0, running ['Bw10_n0221_b15_L1', 'Bw10_n0222_b20_L1', 'Bw10_n1111_b30_L1', 'Bw100_n0111_b10_L1'] (73.8 min)
21:37:25 [5] done 15/20, failed 0, running ['Bw10_n0222_b10_L3', 'Bw100_n0000_b20_L3', 'Bw100_n0111_b30_L3', 'Bw100_n0222_b10_L3'] (74.1 min)
21:37:31 [8] done 15/20, failed 0, running ['Bw10_n1111_b30_L1', 'Bw100_n0111_b10_L1', 'Bw100_n0221_b15_L1', 'Bw100_n0222_b20_L1'] (74.3 min)
21:37:52 [4] done 16/20, failed 0, running ['Bw100_n0000_b20_L1', 'Bw100_n0111_b30_L1', 'Bw100_n0222_b10_L1', 'Bw100_n1111_b15_L1'] (74.7 min)
21:37:53 [6] done 17/20, failed 0, running ['Bw100_n0221_b10_L1', 'Bw100_n0222_b15_L1', 'Bw100_n1111_b20_L1'] (74.7 min)
21:38:00 [5] done 16/20, failed 0, running ['Bw100_n0000_b20_L3', 'Bw100_n0111_b30_L3', 'Bw100_n0222_b10_L3', 'Bw100_n1111_b15_L3'] (75.0 min)
21:38:26 [0] done 16/20, failed 0, running ['Bw100_n0000_b10_L1', 'Bw100_n0111_b15_L1', 'Bw100_n0221_b20_L1', 'Bw100_n0222_b30_L1'] (75.5 min)
21:38:37 [7] done 13/20, failed 0, running ['Bw10_n0000_b30_L3', 'Bw10_n0221_b10_L3', 'Bw10_n0222_b15_L3', 'Bw100_n0000_b30_L3'] (75.4 min)
21:38:41 [8] done 16/20, failed 0, running ['Bw100_n0111_b10_L1', 'Bw100_n0221_b15_L1', 'Bw100_n0222_b20_L1', 'Bw100_n1111_b30_L1'] (75.7 min)
21:40:23 [7] done 15/20, failed 0, running ['Bw10_n0222_b15_L3', 'Bw100_n0000_b30_L3', 'Bw100_n0221_b10_L3', 'Bw100_n0222_b15_L3'] (77.5 min)
21:40:37 [1] done 14/20, failed 0, running ['Bw10_n0221_b20_L3', 'Bw10_n0222_b30_L3', 'Bw100_n0000_b10_L3', 'Bw100_n0111_b15_L3'] (77.7 min)
21:40:58 [9] done 14/20, failed 0, running ['Bw10_n0222_b20_L3', 'Bw10_n1111_b30_L3', 'Bw100_n0111_b10_L3', 'Bw100_n0221_b15_L3'] (77.6 min)
21:41:13 [1] done 15/20, failed 0, running ['Bw10_n0222_b30_L3', 'Bw100_n0000_b10_L3', 'Bw100_n0111_b15_L3', 'Bw100_n0221_b20_L3'] (78.1 min)
21:41:33 [9] done 16/20, failed 0, running ['Bw10_n1111_b30_L3', 'Bw100_n0221_b15_L3', 'Bw100_n0222_b20_L3', 'Bw100_n1111_b30_L3'] (78.5 min)
21:41:48 [1] done 16/20, failed 0, running ['Bw100_n0000_b10_L3', 'Bw100_n0111_b15_L3', 'Bw100_n0221_b20_L3', 'Bw100_n0222_b30_L3'] (78.8 min)
21:42:08 [9] done 17/20, failed 0, running ['Bw100_n0221_b15_L3', 'Bw100_n0222_b20_L3', 'Bw100_n1111_b30_L3'] (78.8 min)
21:45:04 [7] done 16/20, failed 0, running ['Bw100_n0000_b30_L3', 'Bw100_n0221_b10_L3', 'Bw100_n0222_b15_L3', 'Bw100_n1111_b20_L3'] (81.8 min)
21:45:30 [4] done 17/20, failed 0, running ['Bw100_n0000_b20_L1', 'Bw100_n0222_b10_L1', 'Bw100_n1111_b15_L1'] (82.4 min)
21:46:04 [0] done 17/20, failed 0, running ['Bw100_n0111_b15_L1', 'Bw100_n0221_b20_L1', 'Bw100_n0222_b30_L1'] (82.9 min)
21:46:19 [3] done 17/20, failed 0, running ['Bw100_n0000_b15_L3', 'Bw100_n0111_b20_L3', 'Bw100_n0221_b30_L3'] (83.6 min)
21:47:19 [6] done 19/20, failed 0, running ['Bw100_n0221_b10_L1'] (84.2 min)
21:48:29 [6] done 20/20, failed 0, running [] (85.4 min)
21:48:45 [6] downloaded 37.1 MB; terminating i-04d0c4b3e21391888
21:49:45 [5] done 17/20, failed 0, running ['Bw100_n0000_b20_L3', 'Bw100_n0111_b30_L3', 'Bw100_n0222_b10_L3'] (86.4 min)
21:50:25 [3] done 19/20, failed 0, running ['Bw100_n0221_b30_L3'] (87.8 min)
21:50:38 [1] done 17/20, failed 0, running ['Bw100_n0111_b15_L3', 'Bw100_n0221_b20_L3', 'Bw100_n0222_b30_L3'] (87.7 min)
21:51:31 [5] done 18/20, failed 0, running ['Bw100_n0000_b20_L3', 'Bw100_n0222_b10_L3'] (88.4 min)
21:51:59 [0] done 18/20, failed 0, running ['Bw100_n0221_b20_L1', 'Bw100_n0222_b30_L1'] (88.9 min)
21:52:22 [2] done 17/20, failed 0, running ['Bw100_n0000_b15_L1', 'Bw100_n0111_b20_L1', 'Bw100_n1111_b10_L1'] (89.7 min)
21:52:34 [0] done 19/20, failed 0, running ['Bw100_n0222_b30_L1'] (89.7 min)
21:52:46 [3] done 20/20, failed 0, running [] (90.0 min)
21:53:01 [3] downloaded 39.4 MB; terminating i-0c55cdb32d1776232
21:53:16 [5] done 19/20, failed 0, running ['Bw100_n0222_b10_L3'] (90.2 min)
21:53:33 [2] done 19/20, failed 0, running ['Bw100_n0000_b15_L1'] (90.9 min)
21:53:46 [4] done 18/20, failed 0, running ['Bw100_n0222_b10_L1', 'Bw100_n1111_b15_L1'] (91.0 min)
21:54:08 [2] done 20/20, failed 0, running [] (91.0 min)
21:54:21 [4] done 19/20, failed 0, running ['Bw100_n1111_b15_L1'] (91.1 min)
21:54:23 [2] downloaded 36.5 MB; terminating i-0bf78bad99933c731
21:54:26 [5] done 20/20, failed 0, running [] (91.5 min)
21:54:33 [8] done 17/20, failed 0, running ['Bw100_n0111_b10_L1', 'Bw100_n0222_b20_L1', 'Bw100_n1111_b30_L1'] (91.3 min)
21:54:41 [5] downloaded 39.1 MB; terminating i-03805699eb6ba7883
21:54:46 [1] done 18/20, failed 0, running ['Bw100_n0221_b20_L3', 'Bw100_n0222_b30_L3'] (92.0 min)
21:55:30 [0] done 20/20, failed 0, running [] (92.8 min)
21:55:45 [0] downloaded 37.0 MB; terminating i-0c5521ec39d17b930
21:56:06 [4] done 20/20, failed 0, running [] (92.8 min)
21:56:18 [8] done 18/20, failed 0, running ['Bw100_n0222_b20_L1', 'Bw100_n1111_b30_L1'] (92.9 min)
21:56:21 [4] downloaded 37.5 MB; terminating i-0752630d8955a6229
21:56:53 [8] done 19/20, failed 0, running ['Bw100_n1111_b30_L1'] (93.7 min)
21:57:06 [1] done 19/20, failed 0, running ['Bw100_n0221_b20_L3'] (94.4 min)
21:57:59 [9] done 18/20, failed 0, running ['Bw100_n0222_b20_L3', 'Bw100_n1111_b30_L3'] (95.0 min)
21:58:04 [8] done 20/20, failed 0, running [] (94.7 min)
21:58:16 [1] done 20/20, failed 0, running [] (95.4 min)
21:58:19 [8] downloaded 35.6 MB; terminating i-09fd15139167bc45a
21:58:32 [1] downloaded 38.2 MB; terminating i-00ee873e892072917
21:58:34 [9] done 19/20, failed 0, running ['Bw100_n1111_b30_L3'] (95.3 min)
21:59:09 [9] done 20/20, failed 0, running [] (95.8 min)
21:59:25 [9] downloaded 37.2 MB; terminating i-0314236b2689b8e0b
21:59:42 [7] done 17/20, failed 0, running ['Bw100_n0221_b10_L3', 'Bw100_n0222_b15_L3', 'Bw100_n1111_b20_L3'] (96.3 min)
22:00:53 [7] done 18/20, failed 0, running ['Bw100_n0222_b15_L3', 'Bw100_n1111_b20_L3'] (97.8 min)
22:01:28 [7] done 19/20, failed 0, running ['Bw100_n1111_b20_L3'] (98.3 min)
22:03:14 [7] done 20/20, failed 0, running [] (99.8 min)
22:03:31 [7] downloaded 39.4 MB; terminating i-06af64801aed61e0b
22:03:32 terminated ['i-0c5521ec39d17b930', 'i-00ee873e892072917', 'i-0bf78bad99933c731', 'i-0c55cdb32d1776232', 'i-0752630d8955a6229', 'i-03805699eb6ba7883', 'i-04d0c4b3e21391888', 'i-06af64801aed61e0b', 'i-09fd15139167bc45a', 'i-0314236b2689b8e0b'] (safety net; harmless if already terminated)
22:03:32 200 done, 0 failed []; 1.70 h × 10 instances ≈ $11.58
