[Pipeline] Loading mt data from mt.npz: 192 data
[Pipeline] mt: background 122 ohm m, the median of the data's apparent resistivity (the start and the reference model)
[Pipeline] Mesh design (user): 100 m x 12.5 m cells, core 1000 m deep, padding 6000 m
[Pipeline] MT mesh from the skin depths: 76 m (1000 Hz over 22.6 ohm m) to 6318 m (10 Hz over 1.58e+03 ohm m); top cells 12.5 m growing 10 % a layer to 1000 m, padding and air 6000 / 6000 m
[Pipeline] tensor mesh: 88200 cells (61740 active), 192 observations, topography: flat
[MT] 3 frequencies on 3 processes (10 solver threads each)

Running inversion with SimPEG v0.25.2
============================ Inexact Gauss Newton ============================
  #     beta     phi_d     phi_m       f      |proj(x-g)-x|  LS    Comment   
-----------------------------------------------------------------------------
   0  1.14e-05  2.36e+05  0.00e+00  2.36e+05                                 
   1  1.14e-05  3.65e+04  1.62e+08  3.84e+04    1.90e+04      0              
   2  5.71e-06  1.17e+04  8.83e+07  1.22e+04    3.02e+03      0              
   3  2.85e-06  4.70e+03  1.32e+08  5.08e+03    9.80e+02      0              
   4  1.43e-06  2.12e+03  1.19e+08  2.29e+03    4.27e+02      0              
   5  7.14e-07  1.03e+03  1.29e+08  1.12e+03    3.02e+02      0              
   6  3.57e-07  6.50e+02  1.44e+08  7.02e+02    1.90e+02      0              
   7  1.78e-07  2.66e+02  1.60e+08  2.94e+02    1.36e+02      0              
Reached starting chifact with l2-norm regularization: Start IRLS steps...
   8  1.78e-07  1.10e+02  1.60e+08  1.38e+02    8.55e+01      0              
   9  3.35e-07  1.08e+02  1.36e+08  1.54e+02    7.39e+01      1              
  10  6.31e-07  8.77e+01  1.28e+08  1.69e+02    6.60e+01      2              
------------------------- STOP! -------------------------
1 : |fc-fOld| = 6.3134e+01 <= tolF*(1+|f0|) = 2.3556e+04
1 : |xc-x_last| = 1.9616e+01 <= tolX*(1+|x0|) = 1.1947e+02
0 : |proj(x-g)-x|    = 5.6035e+01 <= tolG          = 1.0000e-01
0 : |proj(x-g)-x|    = 5.6035e+01 <= 1e3*eps       = 1.0000e-02
1 : maxIter   =      10    <= iter          =     10
------------------------- DONE! -------------------------
